These are some of the commands in Git bash

 - git init  : initialize a local Git repository
 - git config --global user.name "Shriya"  : tell Git who you are by configuring the author name
 - git config --global user.email "shriya.nair@zensar.com"  : tell Git who you are by configuring the emailId
 - git config --global core.editor "code --wait" : tell Git in which editor it needs to work
 - git configedit --global : ask Git to show what all have been configured
 - ls : shows what are the number of files
 - git add /git add .  : Add one or more files to staging area
 - git commit -m "commit messdage"(advised to write message in present tense) : Commit changes to head but not to remote repository
 - git status : Check the status of your current repository and list the files you have changed 
 - git reset Head --hard commitID : This helps to revert any change in commit.
 - git log : Provides a list of all the commits made on your branch
 - git reflog : It provides the list of all the commits performed.
 - git diff : View the changes you have made to the file
 - git clone :Creates a Git repository copy from  remote source
 - git branch <branch name> : Create a new branch
 - git checkout <branch name>: Switch from one branch to another
 - git merge <branch name> : Merge a branch into active branch
 - git pust -u origin <branch name> : Push the branch to the remote repository so that pthers can use it
 - git clone : Creates a Git repository copy from a remote source
  

   DIFFERENT COMMANDS USED IN GITBASH

lenovo@LAPTOP-6R4M7VF6 MINGW64 /e/Assignment_1(git)/Git commands
$ git init
Initialized empty Git repository in E:/Assignment_1(git)/Git commands/.git/

lenovo@LAPTOP-6R4M7VF6 MINGW64 /e/Assignment_1(git)/Git commands (master)
$ git status
On branch master

No commits yet

nothing to commit (create/copy files and use "git add" to track)

lenovo@LAPTOP-6R4M7VF6 MINGW64 /e/Assignment_1(git)/Git commands (master)
$ code README.md

lenovo@LAPTOP-6R4M7VF6 MINGW64 /e/Assignment_1(git)/Git commands (master)
$ git status
On branch master

No commits yet

Untracked files:
  (use "git add <file>..." to include in what will be committed)
        README.md

nothing added to commit but untracked files present (use "git add" to track)

lenovo@LAPTOP-6R4M7VF6 MINGW64 /e/Assignment_1(git)/Git commands (master)
$ git add .

lenovo@LAPTOP-6R4M7VF6 MINGW64 /e/Assignment_1(git)/Git commands (master)
$ git commit -m "Add README.md file"
[master (root-commit) 9d6b670] Add README.md file
 1 file changed, 4 insertions(+)
 create mode 100644 README.md

lenovo@LAPTOP-6R4M7VF6 MINGW64 /e/Assignment_1(git)/Git commands (master)
$ code commands.txt

lenovo@LAPTOP-6R4M7VF6 MINGW64 /e/Assignment_1(git)/Git commands (master)
$ git status
On branch master
Untracked files:
  (use "git add <file>..." to include in what will be committed)
        commands.txt

nothing added to commit but untracked files present (use "git add" to track)

lenovo@LAPTOP-6R4M7VF6 MINGW64 /e/Assignment_1(git)/Git commands (master)
$ git add .

lenovo@LAPTOP-6R4M7VF6 MINGW64 /e/Assignment_1(git)/Git commands (master)
$ git commit -m "Add a new text file"
[master 13d1b77] Add a new text file
 1 file changed, 20 insertions(+)
 create mode 100644 commands.txt

lenovo@LAPTOP-6R4M7VF6 MINGW64 /e/Assignment_1(git)/Git commands (master)
$ git status
On branch master
nothing to commit, working tree clean

lenovo@LAPTOP-6R4M7VF6 MINGW64 /e/Assignment_1(git)/Git commands (master)
$ git log
commit 13d1b77281920e1a22ed11a523b6efb6b065a0ce (HEAD -> master)
Author: Shriya nair <shriya.nair@zensar.com>
Date:   Tue Jul 14 21:52:09 2020 +0530

    Add a new text file

commit 9d6b670336c54ce0eb874b1646a0ffba617e3a1d
Author: Shriya nair <shriya.nair@zensar.com>
Date:   Tue Jul 14 21:50:35 2020 +0530

    Add README.md file

lenovo@LAPTOP-6R4M7VF6 MINGW64 /e/Assignment_1(git)/Git commands (master)
$ git log --onelines
13d1b77 (HEAD -> master) Add a new text file
9d6b670 Add README.md file

lenovo@LAPTOP-6R4M7VF6 MINGW64 /e/Assignment_1(git)/Git commands (master)
$ git remote add origin https://github.com/ShriyaNair-97/Assignment_1.git

lenovo@LAPTOP-6R4M7VF6 MINGW64 /e/Assignment_1(git)/Git commands (master)
$ git push -u origin master
Enumerating objects: 6, done.
Counting objects: 100% (6/6), done.
Delta compression using up to 4 threads
Compressing objects: 100% (5/5), done.
Writing objects: 100% (6/6), 1.11 KiB | 285.00 KiB/s, done.
Total 6 (delta 0), reused 0 (delta 0), pack-reused 0
To https://github.com/ShriyaNair-97/Assignment_1.git
 * [new branch]      master -> master
Branch 'master' set up to track remote branch 'master' from 'origin'.

lenovo@LAPTOP-6R4M7VF6 MINGW64 /e/Assignment_1(git)/Git commands (master)
$ git branch
* master

lenovo@LAPTOP-6R4M7VF6 MINGW64 /e/Assignment_1(git)/Git commands (master)
$ git branch assignment

lenovo@LAPTOP-6R4M7VF6 MINGW64 /e/Assignment_1(git)/Git commands (master)
$ git branch
  assignment
* master

lenovo@LAPTOP-6R4M7VF6 MINGW64 /e/Assignment_1(git)/Git commands (master)
$ git chackout assignment
git: 'chackout' is not a git command. See 'git --help'.

The most similar command is
        checkout

lenovo@LAPTOP-6R4M7VF6 MINGW64 /e/Assignment_1(git)/Git commands (master)
$ git checkout assignment
Switched to branch 'assignment'
M       commands.txt

lenovo@LAPTOP-6R4M7VF6 MINGW64 /e/Assignment_1(git)/Git commands (assignment)
$ git branch
* assignment
  master

lenovo@LAPTOP-6R4M7VF6 MINGW64 /e/Assignment_1(git)/Git commands (assignment)
$ ls
commands.txt  README.md

lenovo@LAPTOP-6R4M7VF6 MINGW64 /e/Assignment_1(git)/Git commands (assignment)
$ git status
On branch assignment
Changes not staged for commit:
  (use "git add <file>..." to update what will be committed)
  (use "git restore <file>..." to discard changes in working directory)
        modified:   commands.txt

no changes added to commit (use "git add" and/or "git commit -a")

lenovo@LAPTOP-6R4M7VF6 MINGW64 /e/Assignment_1(git)/Git commands (assignment)
$ git commit -m "Add two commands"
On branch assignment
Changes not staged for commit:
  (use "git add <file>..." to update what will be committed)
  (use "git restore <file>..." to discard changes in working directory)
        modified:   commands.txt

no changes added to commit (use "git add" and/or "git commit -a")

lenovo@LAPTOP-6R4M7VF6 MINGW64 /e/Assignment_1(git)/Git commands (assignment)
$ git add .

lenovo@LAPTOP-6R4M7VF6 MINGW64 /e/Assignment_1(git)/Git commands (assignment)
$ git commit -m "Add two commands"
[assignment 1ce20fa] Add two commands
 1 file changed, 3 insertions(+)

lenovo@LAPTOP-6R4M7VF6 MINGW64 /e/Assignment_1(git)/Git commands (assignment)
$ git checkout master
Switched to branch 'master'
Your branch is up to date with 'origin/master'.

lenovo@LAPTOP-6R4M7VF6 MINGW64 /e/Assignment_1(git)/Git commands (master)
$ git log
commit 13d1b77281920e1a22ed11a523b6efb6b065a0ce (HEAD -> master, origin/master)
Author: Shriya nair <shriya.nair@zensar.com>
Date:   Tue Jul 14 21:52:09 2020 +0530

    Add a new text file

commit 9d6b670336c54ce0eb874b1646a0ffba617e3a1d
Author: Shriya nair <shriya.nair@zensar.com>
Date:   Tue Jul 14 21:50:35 2020 +0530

    Add README.md file

lenovo@LAPTOP-6R4M7VF6 MINGW64 /e/Assignment_1(git)/Git commands (master)
$ git status
On branch master
Your branch is up to date with 'origin/master'.

nothing to commit, working tree clean

lenovo@LAPTOP-6R4M7VF6 MINGW64 /e/Assignment_1(git)/Git commands (master)
$ git checkout assignment
Switched to branch 'assignment'

lenovo@LAPTOP-6R4M7VF6 MINGW64 /e/Assignment_1(git)/Git commands (assignment)
$ code instruction.txt

lenovo@LAPTOP-6R4M7VF6 MINGW64 /e/Assignment_1(git)/Git commands (assignment)
$ code commands.txt

lenovo@LAPTOP-6R4M7VF6 MINGW64 /e/Assignment_1(git)/Git commands (assignment)
$ git checkout master
Switched to branch 'master'
Your branch is up to date with 'origin/master'.

lenovo@LAPTOP-6R4M7VF6 MINGW64 /e/Assignment_1(git)/Git commands (master)
$ git log
commit 13d1b77281920e1a22ed11a523b6efb6b065a0ce (HEAD -> master, origin/master)
Author: Shriya nair <shriya.nair@zensar.com>
Date:   Tue Jul 14 21:52:09 2020 +0530

    Add a new text file

commit 9d6b670336c54ce0eb874b1646a0ffba617e3a1d
Author: Shriya nair <shriya.nair@zensar.com>
Date:   Tue Jul 14 21:50:35 2020 +0530

    Add README.md file

lenovo@LAPTOP-6R4M7VF6 MINGW64 /e/Assignment_1(git)/Git commands (master)
$ git status
On branch master
Your branch is up to date with 'origin/master'.

nothing to commit, working tree clean

lenovo@LAPTOP-6R4M7VF6 MINGW64 /e/Assignment_1(git)/Git commands (master)
$ git checkout assignment
Switched to branch 'assignment'

lenovo@LAPTOP-6R4M7VF6 MINGW64 /e/Assignment_1(git)/Git commands (assignment)
$ code instruction.txt

lenovo@LAPTOP-6R4M7VF6 MINGW64 /e/Assignment_1(git)/Git commands (assignment)
$ code commands.txt
Author: Shriya nair <shriya.nair@zensar.com>
Date:   Tue Jul 14 22:10:24 2020 +0530

    Add the commands in text

commit 1ce20faa4f10989f990175e4825b42d07e1dc1cb
Author: Shriya nair <shriya.nair@zensar.com>
Date:   Tue Jul 14 22:05:30 2020 +0530

    Add two commands

commit 13d1b77281920e1a22ed11a523b6efb6b065a0ce (origin/master)
Author: Shriya nair <shriya.nair@zensar.com>
Date:   Tue Jul 14 21:52:09 2020 +0530

    Add a new text file

commit 9d6b670336c54ce0eb874b1646a0ffba617e3a1d
Author: Shriya nair <shriya.nair@zensar.com>
Date:   Tue Jul 14 21:50:35 2020 +0530

    Add README.md file
~
~
~
~
~
~
~
~
~
~
~
~
~
~
~
~
~
~
~
~
~
~
~
~
~
~
~
~
~
~
~
~
~
~
~
...skipping...
commit c9fff0f669bf2f73b4b31de815fcab87e7edbf94 (HEAD -> master, assignment)
Author: Shriya nair <shriya.nair@zensar.com>
Date:   Tue Jul 14 22:10:24 2020 +0530

    Add the commands in text

commit 1ce20faa4f10989f990175e4825b42d07e1dc1cb
Author: Shriya nair <shriya.nair@zensar.com>
Date:   Tue Jul 14 22:05:30 2020 +0530

    Add two commands

commit 13d1b77281920e1a22ed11a523b6efb6b065a0ce (origin/master)
Author: Shriya nair <shriya.nair@zensar.com>
Date:   Tue Jul 14 21:52:09 2020 +0530

    Add a new text file

commit 9d6b670336c54ce0eb874b1646a0ffba617e3a1d
Author: Shriya nair <shriya.nair@zensar.com>
Date:   Tue Jul 14 21:50:35 2020 +0530

    Add README.md file
~
~
~
~
~
~
~
~
~
~
~
~
~
~
~
~
~
~
~
~
~
~
~
~
~
~
~
~
~
~
~
~
~
~

lenovo@LAPTOP-6R4M7VF6 MINGW64 /e/Assignment_1(git)/Git commands (master)
$ git branch
  assignment
* master

lenovo@LAPTOP-6R4M7VF6 MINGW64 /e/Assignment_1(git)/Git commands (master)
$ git push
Enumerating objects: 8, done.
Counting objects: 100% (8/8), done.
Delta compression using up to 4 threads
Compressing objects: 100% (6/6), done.
Writing objects: 100% (6/6), 2.27 KiB | 465.00 KiB/s, done.
Total 6 (delta 1), reused 0 (delta 0), pack-reused 0
remote: Resolving deltas: 100% (1/1), done.
To https://github.com/ShriyaNair-97/Assignment_1.git
   13d1b77..c9fff0f  master -> master

lenovo@LAPTOP-6R4M7VF6 MINGW64 /e/Assignment_1(git)/Git commands (master)
$ git checkout assignment
Switched to branch 'assignment'

lenovo@LAPTOP-6R4M7VF6 MINGW64 /e/Assignment_1(git)/Git commands (assignment)
$ git push
fatal: The current branch assignment has no upstream branch.
To push the current branch and set the remote as upstream, use

    git push --set-upstream origin assignment


lenovo@LAPTOP-6R4M7VF6 MINGW64 /e/Assignment_1(git)/Git commands (assignment)
$   git push --set-upstream origin assignment

Total 0 (delta 0), reused 0 (delta 0), pack-reused 0
remote:
remote: Create a pull request for 'assignment' on GitHub by visiting:
remote:      https://github.com/ShriyaNair-97/Assignment_1/pull/new/assignment
remote:
To https://github.com/ShriyaNair-97/Assignment_1.git
 * [new branch]      assignment -> assignment
Branch 'assignment' set up to track remote branch 'assignment' from 'origin'.


